============================= test session starts =============================
platform win32 -- Python 3.14.0, pytest-9.0.2, pluggy-1.6.0
rootdir: C:\Users\Sebastian Fals\OneDrive\Documentos\Works\sistema-citas
plugins: anyio-4.12.1
collected 3 items

tests\test_booking_service.py FF.                                        [100%]

================================== FAILURES ===================================
_______________________ test_get_available_slots_basic ________________________

db_session = <MagicMock name='mock.db' spec='Session' id='2057877413504'>
barber_repo = <MagicMock spec='BarberRepository' id='2057877415856'>
appointment_repo = <MagicMock spec='AppointmentRepository' id='2057877416864'>
business_repo = <MagicMock spec='BusinessRepository' id='2057877417200'>

    def test_get_available_slots_basic(db_session, barber_repo, appointment_repo, business_repo):
        """
        Test that slots are generated correctly for a standard business day.
        """
        # Setup Logic
        service = BookingService(db_session)
        service.barber_repo = barber_repo
        service.appointment_repo = appointment_repo
        service.business_repo = business_repo

        # Mock Data
        target_date = date(2023, 10, 27)

        # Mock Business Hours (via complex logic or simplified mock of helper?)
        # BookingService.get_available_slots calls internal methods.
        # ideally we should mock `_get_business_hours`? or simpler: mock repository and rely on logic.
        # The service uses:
        #   business = business_repo.get(barber.business_id)
        #   appointments = ...

        # Let's mock the internal helper `_get_business_hours` or just ensure logic works if we mock business.
        # Mock Barber and Business
        mock_barber = MagicMock()
        mock_barber.business_id = 1
        barber_repo.get_by_id.return_value = mock_barber

        mock_business = MagicMock()
        # Mocking schedule json logic might be tedious.
        # If the service parses JSON schedule, we need to provide valid JSON.
        mock_business.schedule = '{"4": {"start": 9, "end": 18}}' # Friday
        business_repo.get_by_id.return_value = mock_business

        # Mock No appointments
        appointment_repo.get_by_barber_and_date_range.return_value = []

        # Run
        # 2023-10-27 is a Friday (weekday 4)
>       slots = service.get_available_slots(barber_id=1, date_obj=target_date)
                ^^^^^^^^^^^^^^^^^^^^^^^^^^^^^^^^^^^^^^^^^^^^^^^^^^^^^^^^^^^^^^
E       TypeError: BookingService.get_available_slots() got an unexpected keyword argument 'date_obj'

tests\test_booking_service.py:44: TypeError
_______________________ test_create_appointment_success _______________________

db_session = <MagicMock name='mock.db' spec='Session' id='2057877420560'>
barber_repo = <MagicMock spec='BarberRepository' id='2057878520224'>
appointment_repo = <MagicMock spec='AppointmentRepository' id='2057878520560'>
customer_repo = <MagicMock spec='CustomerRepository' id='2057878520896'>

    def test_create_appointment_success(db_session, barber_repo, appointment_repo, customer_repo):
        service = BookingService(db_session)
        service.barber_repo = barber_repo
        service.appointment_repo = appointment_repo
        service.customer_repo = customer_repo

        # Mock Customer
        customer = Customer(id=1, phone="123", name="Test")

        # Mock Check availability (overlap)
        # The service calls `appointment_repo.get_overlapping_confirmed`
        appointment_repo.get_overlapping_confirmed.return_value = None

        # Mock Creation
        new_appt = Appointment(id=100, status=AppointmentStatus.CONFIRMED)
        appointment_repo.create.return_value = new_appt

        # Run
        result = service.create_appointment(customer, barber_id=1, date_str="2023-10-27", time_str="10:00")

        assert result is not None
>       assert result.id == 100
E       assert None == 100
E        +  where None = <app.models.models.Appointment object at 0x000001DF231DD950>.id

tests\test_booking_service.py:74: AssertionError
---------------------------- Captured stdout call -----------------------------
An error occurred: <HttpError 404 when requesting https://www.googleapis.com/calendar/v3/calendars/%3CMagicMock%20name%3D%27mock.get_by_id%28%29.calendar_id%27%20id%3D%272057878530640%27%3E/events?alt=json returned "Not Found". Details: "[{'domain': 'global', 'reason': 'notFound', 'message': 'Not Found'}]">
An error occurred: <HttpError 404 when requesting https://www.googleapis.com/calendar/v3/calendars/%3CMagicMock%20name%3D%27mock.db.query%28%29.filter%28%29.first%28%29.calendar_id%27%20id%3D%272057878531984%27%3E/events?alt=json returned "Not Found". Details: "[{'domain': 'global', 'reason': 'notFound', 'message': 'Not Found'}]">
============================== warnings summary ===============================
app\core\config.py:4
  C:\Users\Sebastian Fals\OneDrive\Documentos\Works\sistema-citas\app\core\config.py:4: PydanticDeprecatedSince20: Support for class-based `config` is deprecated, use ConfigDict instead. Deprecated in Pydantic V2.0 to be removed in V3.0. See Pydantic V2 Migration Guide at https://errors.pydantic.dev/2.12/migration/
    class Settings(BaseSettings):

app\core\database.py:35
  C:\Users\Sebastian Fals\OneDrive\Documentos\Works\sistema-citas\app\core\database.py:35: MovedIn20Warning: The ``declarative_base()`` function is now available as sqlalchemy.orm.declarative_base(). (deprecated since: 2.0) (Background on SQLAlchemy 2.0 at: https://sqlalche.me/e/b8d9)
    Base = declarative_base()

-- Docs: https://docs.pytest.org/en/stable/how-to/capture-warnings.html
=========================== short test summary info ===========================
FAILED tests/test_booking_service.py::test_get_available_slots_basic - TypeEr...
FAILED tests/test_booking_service.py::test_create_appointment_success - asser...
=================== 2 failed, 1 passed, 2 warnings in 2.19s ===================
